<?xml version="1.0" encoding="UTF-8"?>
<TestRun id="2a529e60-acf4-4b6a-bf82-40ceb61b124b" name="Clay@CLAY-DESKTOP 2016-08-28 18:25:04" runUser="CLAY-DESKTOP\Clay" xmlns="http://microsoft.com/schemas/VisualStudio/TeamTest/2010">
  <TestSettings name="Default Test Settings" id="aa9e1ed7-1f10-4bc6-9591-307b377539f0">
    <Deployment userDeploymentRoot="C:\repos\Radial\RadialReview" useDefaultDeploymentRoot="false" runDeploymentRoot="Clay_CLAY-DESKTOP 2016-08-28 18_25_04" />
    <Execution>
      <TestTypeSpecific />
      <AgentRule name="Execution Agents">
      </AgentRule>
    </Execution>
    <Properties />
  </TestSettings>
  <Times creation="2016-08-28T18:25:04.3512808-07:00" queuing="2016-08-28T18:25:11.6491845-07:00" start="2016-08-28T18:25:12.1668835-07:00" finish="2016-08-28T18:26:05.0236742-07:00" />
  <ResultSummary outcome="Error">
    <Counters total="23" executed="2" error="0" failed="1" timeout="0" aborted="1" inconclusive="0" passedButRunAborted="0" notRunnable="0" notExecuted="21" disconnected="0" warning="0" passed="0" completed="0" inProgress="0" pending="0" />
    <RunInfos>
      <RunInfo computerName="CLAY-DESKTOP" outcome="Warning" timestamp="2016-08-28T18:25:07.2395012-07:00">
        <Text>Warning: Test Run deployment issue: The assembly or module 'RestSharp' directly or indirectly referenced by the test container 'c:\repos\radial\radialreview\clay_clay-desktop 2016-08-28 18_20_59\out\tractiontools.tests.dll' was not found.</Text>
      </RunInfo>
      <RunInfo computerName="CLAY-DESKTOP" outcome="Error" timestamp="2016-08-28T18:26:05.0166728-07:00">
        <Text>Test host process exited unexpectedly.</Text>
      </RunInfo>
    </RunInfos>
  </ResultSummary>
  <TestDefinitions>
    <UnitTest name="CreateL10Recurrence" storage="c:\repos\radial\radialreview\clay_clay-desktop 2016-08-28 18_20_59\out\tractiontools.tests.dll" id="9c0005f7-a4d3-79bc-bd98-85f1c9125b43">
      <Execution id="86f7088e-046d-4c4f-b0cc-0c88c8e43c60" />
      <TestMethod codeBase="C:/repos/Radial/RadialReview/TractionTools.Tests/bin/Debug/TractionTools.Tests.DLL" adapterTypeName="Microsoft.VisualStudio.TestTools.TestTypes.Unit.UnitTestAdapter, Microsoft.VisualStudio.QualityTools.Tips.UnitTest.Adapter, Version=12.0.0.0, Culture=neutral, PublicKeyToken=b03f5f7f11d50a3a" className="TractionTools.Tests.Accessors.L10Accessor_EditRecurrenceTests, TractionTools.Tests, Version=1.0.0.0, Culture=neutral, PublicKeyToken=null" name="CreateL10Recurrence" />
    </UnitTest>
    <UnitTest name="UpdateScoreInMeeting_CreateScores" storage="c:\repos\radial\radialreview\clay_clay-desktop 2016-08-28 18_20_59\out\tractiontools.tests.dll" id="2bb5e71c-e847-8432-8744-fc74232f0e63">
      <Execution id="245af761-9de8-4d91-806e-a40762d9811a" />
      <TestMethod codeBase="C:/repos/Radial/RadialReview/TractionTools.Tests/bin/Debug/TractionTools.Tests.DLL" adapterTypeName="Microsoft.VisualStudio.TestTools.TestTypes.Unit.UnitTestAdapter, Microsoft.VisualStudio.QualityTools.Tips.UnitTest.Adapter, Version=12.0.0.0, Culture=neutral, PublicKeyToken=b03f5f7f11d50a3a" className="TractionTools.Tests.Accessors.ScorecardAccessorTests, TractionTools.Tests, Version=1.0.0.0, Culture=neutral, PublicKeyToken=null" name="UpdateScoreInMeeting_CreateScores" />
    </UnitTest>
    <UnitTest name="EditRocks" storage="c:\repos\radial\radialreview\clay_clay-desktop 2016-08-28 18_20_59\out\tractiontools.tests.dll" id="49267016-ffca-a15a-faec-2a5fbb36afdc">
      <Execution id="5673cdfb-beb7-40ee-b166-46becf1a5160" />
      <Properties>
        <Property>
          <Key>__Internal_AsyncTypeName__</Key>
          <Value>TractionTools.Tests.Accessors.RockAccessorTests+&lt;EditRocks&gt;d__0</Value>
        </Property>
      </Properties>
      <TestMethod codeBase="C:/repos/Radial/RadialReview/TractionTools.Tests/bin/Debug/TractionTools.Tests.DLL" adapterTypeName="Microsoft.VisualStudio.TestTools.TestTypes.Unit.UnitTestAdapter, Microsoft.VisualStudio.QualityTools.Tips.UnitTest.Adapter, Version=12.0.0.0, Culture=neutral, PublicKeyToken=b03f5f7f11d50a3a" className="TractionTools.Tests.Accessors.RockAccessorTests, TractionTools.Tests, Version=1.0.0.0, Culture=neutral, PublicKeyToken=null" name="EditRocks" />
    </UnitTest>
    <UnitTest name="EditMeasurables" storage="c:\repos\radial\radialreview\clay_clay-desktop 2016-08-28 18_20_59\out\tractiontools.tests.dll" id="162f28fb-044b-011c-ddf0-9dda60a3aa8e">
      <Execution id="b23bd275-e3c2-4f82-8a18-17f57a1687bb" />
      <Properties>
        <Property>
          <Key>__Internal_AsyncTypeName__</Key>
          <Value>TractionTools.Tests.Accessors.ScorecardAccessorTests+&lt;EditMeasurables&gt;d__0</Value>
        </Property>
      </Properties>
      <TestMethod codeBase="C:/repos/Radial/RadialReview/TractionTools.Tests/bin/Debug/TractionTools.Tests.DLL" adapterTypeName="Microsoft.VisualStudio.TestTools.TestTypes.Unit.UnitTestAdapter, Microsoft.VisualStudio.QualityTools.Tips.UnitTest.Adapter, Version=12.0.0.0, Culture=neutral, PublicKeyToken=b03f5f7f11d50a3a" className="TractionTools.Tests.Accessors.ScorecardAccessorTests, TractionTools.Tests, Version=1.0.0.0, Culture=neutral, PublicKeyToken=null" name="EditMeasurables" />
    </UnitTest>
    <UnitTest name="L10_Wizard_Basics" storage="c:\repos\radial\radialreview\clay_clay-desktop 2016-08-28 18_20_59\out\tractiontools.uitests.dll" id="e2674754-388f-a839-dd1b-2d05c442669b">
      <Execution id="f6a54d12-d9a0-4883-824d-e2f8af2452bc" />
      <TestMethod codeBase="C:/repos/Radial/RadialReview/TractionTools.UITests/bin/Debug/TractionTools.UITests.DLL" adapterTypeName="Microsoft.VisualStudio.TestTools.TestTypes.Unit.UnitTestAdapter, Microsoft.VisualStudio.QualityTools.Tips.UnitTest.Adapter, Version=12.0.0.0, Culture=neutral, PublicKeyToken=b03f5f7f11d50a3a" className="TractionTools.UITests.L10Wizard.L10Wizard, TractionTools.UITests, Version=1.0.0.0, Culture=neutral, PublicKeyToken=null" name="L10_Wizard_Basics" />
    </UnitTest>
    <UnitTest name="L10_Wizard_Todo" storage="c:\repos\radial\radialreview\clay_clay-desktop 2016-08-28 18_20_59\out\tractiontools.uitests.dll" id="5086f43d-f366-c91b-d209-c57b65f15643">
      <Execution id="4ca3872f-0f63-435a-8471-5d73d237018c" />
      <TestMethod codeBase="C:/repos/Radial/RadialReview/TractionTools.UITests/bin/Debug/TractionTools.UITests.DLL" adapterTypeName="Microsoft.VisualStudio.TestTools.TestTypes.Unit.UnitTestAdapter, Microsoft.VisualStudio.QualityTools.Tips.UnitTest.Adapter, Version=12.0.0.0, Culture=neutral, PublicKeyToken=b03f5f7f11d50a3a" className="TractionTools.UITests.L10Wizard.L10Wizard, TractionTools.UITests, Version=1.0.0.0, Culture=neutral, PublicKeyToken=null" name="L10_Wizard_Todo" />
    </UnitTest>
    <UnitTest name="WebDriver_Closest" storage="c:\repos\radial\radialreview\clay_clay-desktop 2016-08-28 18_20_59\out\tractiontools.uitests.dll" id="a27d2e7a-cca7-57fd-d553-707b263917cc">
      <Execution id="59945604-f2d3-496b-9375-38d21960afc0" />
      <TestMethod codeBase="C:/repos/Radial/RadialReview/TractionTools.UITests/bin/Debug/TractionTools.UITests.DLL" adapterTypeName="Microsoft.VisualStudio.TestTools.TestTypes.Unit.UnitTestAdapter, Microsoft.VisualStudio.QualityTools.Tips.UnitTest.Adapter, Version=12.0.0.0, Culture=neutral, PublicKeyToken=b03f5f7f11d50a3a" className="TractionTools.UITests.Selenium.WebDriverExtensionTests, TractionTools.UITests, Version=1.0.0.0, Culture=neutral, PublicKeyToken=null" name="WebDriver_Closest" />
    </UnitTest>
    <UnitTest name="L10_Meeting_Scorecard" storage="c:\repos\radial\radialreview\clay_clay-desktop 2016-08-28 18_20_59\out\tractiontools.uitests.dll" id="06e4c936-1122-7921-4b38-6bbbf4076a20">
      <Execution id="81510385-b767-496a-9a7c-998ee3a3863c" />
      <Properties>
        <Property>
          <Key>__Internal_AsyncTypeName__</Key>
          <Value>TractionTools.UITests.MeetingArchive.MeetingTests+&lt;L10_Meeting_Scorecard&gt;d__3</Value>
        </Property>
      </Properties>
      <TestMethod codeBase="C:/repos/Radial/RadialReview/TractionTools.UITests/bin/Debug/TractionTools.UITests.DLL" adapterTypeName="Microsoft.VisualStudio.TestTools.TestTypes.Unit.UnitTestAdapter, Microsoft.VisualStudio.QualityTools.Tips.UnitTest.Adapter, Version=12.0.0.0, Culture=neutral, PublicKeyToken=b03f5f7f11d50a3a" className="TractionTools.UITests.MeetingArchive.MeetingTests, TractionTools.UITests, Version=1.0.0.0, Culture=neutral, PublicKeyToken=null" name="L10_Meeting_Scorecard" />
    </UnitTest>
    <UnitTest name="TestScorecardCreation" storage="c:\repos\radial\radialreview\clay_clay-desktop 2016-08-28 18_20_59\out\tractiontools.tests.dll" id="0013c46b-4178-5f2b-f00a-d517b668a8f2">
      <Execution id="964e7025-8f94-498e-ab32-fa10bfa86140" />
      <TestMethod codeBase="C:/repos/Radial/RadialReview/TractionTools.Tests/bin/Debug/TractionTools.Tests.DLL" adapterTypeName="Microsoft.VisualStudio.TestTools.TestTypes.Unit.UnitTestAdapter, Microsoft.VisualStudio.QualityTools.Tips.UnitTest.Adapter, Version=12.0.0.0, Culture=neutral, PublicKeyToken=b03f5f7f11d50a3a" className="TractionTools.Tests.Accessors.L10AccessorTests, TractionTools.Tests, Version=1.0.0.0, Culture=neutral, PublicKeyToken=null" name="TestScorecardCreation" />
    </UnitTest>
    <UnitTest name="RemoveRockAlsoArchives" storage="c:\repos\radial\radialreview\clay_clay-desktop 2016-08-28 18_20_59\out\tractiontools.tests.dll" id="39b1331d-e5c0-e744-3685-da7c2b3f2ff4">
      <Execution id="c54258ae-9d45-4f76-9e52-b6425068c219" />
      <TestMethod codeBase="C:/repos/Radial/RadialReview/TractionTools.Tests/bin/Debug/TractionTools.Tests.DLL" adapterTypeName="Microsoft.VisualStudio.TestTools.TestTypes.Unit.UnitTestAdapter, Microsoft.VisualStudio.QualityTools.Tips.UnitTest.Adapter, Version=12.0.0.0, Culture=neutral, PublicKeyToken=b03f5f7f11d50a3a" className="TractionTools.Tests.Accessors.L10Accessor_AngularTests, TractionTools.Tests, Version=1.0.0.0, Culture=neutral, PublicKeyToken=null" name="RemoveRockAlsoArchives" />
    </UnitTest>
    <UnitTest name="L10_Meeting_Segue" storage="c:\repos\radial\radialreview\clay_clay-desktop 2016-08-28 18_20_59\out\tractiontools.uitests.dll" id="e988f032-123e-d128-dfc0-b694a017216f">
      <Execution id="e7b763e5-e928-47e3-a57c-d8bcb2843f52" />
      <Properties>
        <Property>
          <Key>__Internal_AsyncTypeName__</Key>
          <Value>TractionTools.UITests.MeetingArchive.MeetingTests+&lt;L10_Meeting_Segue&gt;d__1</Value>
        </Property>
      </Properties>
      <TestMethod codeBase="C:/repos/Radial/RadialReview/TractionTools.UITests/bin/Debug/TractionTools.UITests.DLL" adapterTypeName="Microsoft.VisualStudio.TestTools.TestTypes.Unit.UnitTestAdapter, Microsoft.VisualStudio.QualityTools.Tips.UnitTest.Adapter, Version=12.0.0.0, Culture=neutral, PublicKeyToken=b03f5f7f11d50a3a" className="TractionTools.UITests.MeetingArchive.MeetingTests, TractionTools.UITests, Version=1.0.0.0, Culture=neutral, PublicKeyToken=null" name="L10_Meeting_Segue" />
    </UnitTest>
    <UnitTest name="VTO" storage="c:\repos\radial\radialreview\clay_clay-desktop 2016-08-28 18_20_59\out\tractiontools.tests.dll" id="0755b398-363d-236d-3d86-7f702b02bd2d">
      <Execution id="f2c68874-e567-4dd4-9be9-193c8f59afb1" />
      <TestMethod codeBase="C:/repos/Radial/RadialReview/TractionTools.Tests/bin/Debug/TractionTools.Tests.DLL" adapterTypeName="Microsoft.VisualStudio.TestTools.TestTypes.Unit.UnitTestAdapter, Microsoft.VisualStudio.QualityTools.Tips.UnitTest.Adapter, Version=12.0.0.0, Culture=neutral, PublicKeyToken=b03f5f7f11d50a3a" className="TractionTools.Tests.Accessors.PdfAccessor_RunAll, TractionTools.Tests, Version=1.0.0.0, Culture=neutral, PublicKeyToken=null" name="VTO" />
    </UnitTest>
    <UnitTest name="L10_Wizard_Scorecard" storage="c:\repos\radial\radialreview\clay_clay-desktop 2016-08-28 18_20_59\out\tractiontools.uitests.dll" id="828f5fde-8e1d-0106-b2f0-04ad9a5914da">
      <Execution id="0d79d83c-4a5e-43b9-8835-c1e2c9339084" />
      <TestMethod codeBase="C:/repos/Radial/RadialReview/TractionTools.UITests/bin/Debug/TractionTools.UITests.DLL" adapterTypeName="Microsoft.VisualStudio.TestTools.TestTypes.Unit.UnitTestAdapter, Microsoft.VisualStudio.QualityTools.Tips.UnitTest.Adapter, Version=12.0.0.0, Culture=neutral, PublicKeyToken=b03f5f7f11d50a3a" className="TractionTools.UITests.L10Wizard.L10Wizard, TractionTools.UITests, Version=1.0.0.0, Culture=neutral, PublicKeyToken=null" name="L10_Wizard_Scorecard" />
    </UnitTest>
    <UnitTest name="L10_Wizard_Rocks" storage="c:\repos\radial\radialreview\clay_clay-desktop 2016-08-28 18_20_59\out\tractiontools.uitests.dll" id="bad7247a-cffc-10f9-7543-e70b6c02118d">
      <Execution id="b72ce7f7-930a-4ad5-838f-066afb4d245d" />
      <TestMethod codeBase="C:/repos/Radial/RadialReview/TractionTools.UITests/bin/Debug/TractionTools.UITests.DLL" adapterTypeName="Microsoft.VisualStudio.TestTools.TestTypes.Unit.UnitTestAdapter, Microsoft.VisualStudio.QualityTools.Tips.UnitTest.Adapter, Version=12.0.0.0, Culture=neutral, PublicKeyToken=b03f5f7f11d50a3a" className="TractionTools.UITests.L10Wizard.L10Wizard, TractionTools.UITests, Version=1.0.0.0, Culture=neutral, PublicKeyToken=null" name="L10_Wizard_Rocks" />
    </UnitTest>
    <UnitTest name="Utils_TestCreateAdmin" storage="c:\repos\radial\radialreview\clay_clay-desktop 2016-08-28 18_20_59\out\tractiontools.uitests.dll" id="6df38ac1-4a02-8dcd-ece6-c48c5d362852">
      <Execution id="b05d7bdb-dc2e-41c5-85bc-b3e9220e7b1a" />
      <Properties>
        <Property>
          <Key>__Internal_AsyncTypeName__</Key>
          <Value>TractionTools.UITests.Utilities.TestUtilities+&lt;Utils_TestCreateAdmin&gt;d__0</Value>
        </Property>
      </Properties>
      <TestMethod codeBase="C:/repos/Radial/RadialReview/TractionTools.UITests/bin/Debug/TractionTools.UITests.DLL" adapterTypeName="Microsoft.VisualStudio.TestTools.TestTypes.Unit.UnitTestAdapter, Microsoft.VisualStudio.QualityTools.Tips.UnitTest.Adapter, Version=12.0.0.0, Culture=neutral, PublicKeyToken=b03f5f7f11d50a3a" className="TractionTools.UITests.Utilities.TestUtilities, TractionTools.UITests, Version=1.0.0.0, Culture=neutral, PublicKeyToken=null" name="Utils_TestCreateAdmin" />
    </UnitTest>
    <UnitTest name="ChargeOrgs" storage="c:\repos\radial\radialreview\clay_clay-desktop 2016-08-28 18_20_59\out\tractiontools.tests.dll" id="f444373b-0734-9712-0119-2ea0e1d71a9f">
      <Execution id="736583e3-c1e6-441a-bfa7-97ac2b8553a1" />
      <Properties>
        <Property>
          <Key>__Internal_AsyncTypeName__</Key>
          <Value>TractionTools.Tests.Accessors.PaymentPlanAccessorTests+&lt;ChargeOrgs&gt;d__2</Value>
        </Property>
      </Properties>
      <TestMethod codeBase="C:/repos/Radial/RadialReview/TractionTools.Tests/bin/Debug/TractionTools.Tests.DLL" adapterTypeName="Microsoft.VisualStudio.TestTools.TestTypes.Unit.UnitTestAdapter, Microsoft.VisualStudio.QualityTools.Tips.UnitTest.Adapter, Version=12.0.0.0, Culture=neutral, PublicKeyToken=b03f5f7f11d50a3a" className="TractionTools.Tests.Accessors.PaymentPlanAccessorTests, TractionTools.Tests, Version=1.0.0.0, Culture=neutral, PublicKeyToken=null" name="ChargeOrgs" />
    </UnitTest>
    <UnitTest name="WebDriver_Parent" storage="c:\repos\radial\radialreview\clay_clay-desktop 2016-08-28 18_20_59\out\tractiontools.uitests.dll" id="3202e1b4-fdcc-2702-c088-f8c6a21605e0">
      <Execution id="81d8d936-fb8f-418e-82a3-01923fb975d8" />
      <TestMethod codeBase="C:/repos/Radial/RadialReview/TractionTools.UITests/bin/Debug/TractionTools.UITests.DLL" adapterTypeName="Microsoft.VisualStudio.TestTools.TestTypes.Unit.UnitTestAdapter, Microsoft.VisualStudio.QualityTools.Tips.UnitTest.Adapter, Version=12.0.0.0, Culture=neutral, PublicKeyToken=b03f5f7f11d50a3a" className="TractionTools.UITests.Selenium.WebDriverExtensionTests, TractionTools.UITests, Version=1.0.0.0, Culture=neutral, PublicKeyToken=null" name="WebDriver_Parent" />
    </UnitTest>
    <UnitTest name="QuarterlyPrintout" storage="c:\repos\radial\radialreview\clay_clay-desktop 2016-08-28 18_20_59\out\tractiontools.tests.dll" id="13d3e8bd-7020-5ca8-6b73-f409f0b364b2">
      <Execution id="bda504f2-b9dd-450a-92e7-4dd8070f68a0" />
      <TestMethod codeBase="C:/repos/Radial/RadialReview/TractionTools.Tests/bin/Debug/TractionTools.Tests.DLL" adapterTypeName="Microsoft.VisualStudio.TestTools.TestTypes.Unit.UnitTestAdapter, Microsoft.VisualStudio.QualityTools.Tips.UnitTest.Adapter, Version=12.0.0.0, Culture=neutral, PublicKeyToken=b03f5f7f11d50a3a" className="TractionTools.Tests.Accessors.PdfAccessor_RunAll, TractionTools.Tests, Version=1.0.0.0, Culture=neutral, PublicKeyToken=null" name="QuarterlyPrintout" />
    </UnitTest>
    <UnitTest name="L10_Wizard_Attendees" storage="c:\repos\radial\radialreview\clay_clay-desktop 2016-08-28 18_20_59\out\tractiontools.uitests.dll" id="1a30f4bd-0e8c-d1dd-3b38-c8694547c900">
      <Execution id="1054747e-d215-4769-a0a9-df4af2373393" />
      <TestMethod codeBase="C:/repos/Radial/RadialReview/TractionTools.UITests/bin/Debug/TractionTools.UITests.DLL" adapterTypeName="Microsoft.VisualStudio.TestTools.TestTypes.Unit.UnitTestAdapter, Microsoft.VisualStudio.QualityTools.Tips.UnitTest.Adapter, Version=12.0.0.0, Culture=neutral, PublicKeyToken=b03f5f7f11d50a3a" className="TractionTools.UITests.L10Wizard.L10Wizard, TractionTools.UITests, Version=1.0.0.0, Culture=neutral, PublicKeyToken=null" name="L10_Wizard_Attendees" />
    </UnitTest>
    <UnitTest name="L10_Wizard_Issues" storage="c:\repos\radial\radialreview\clay_clay-desktop 2016-08-28 18_20_59\out\tractiontools.uitests.dll" id="da720cd2-d7ad-e480-55f5-36731a1892d7">
      <Execution id="839cfc36-0b1a-4d38-81e1-b8eb80aa6dd0" />
      <TestMethod codeBase="C:/repos/Radial/RadialReview/TractionTools.UITests/bin/Debug/TractionTools.UITests.DLL" adapterTypeName="Microsoft.VisualStudio.TestTools.TestTypes.Unit.UnitTestAdapter, Microsoft.VisualStudio.QualityTools.Tips.UnitTest.Adapter, Version=12.0.0.0, Culture=neutral, PublicKeyToken=b03f5f7f11d50a3a" className="TractionTools.UITests.L10Wizard.L10Wizard, TractionTools.UITests, Version=1.0.0.0, Culture=neutral, PublicKeyToken=null" name="L10_Wizard_Issues" />
    </UnitTest>
    <UnitTest name="L10_Archive_TestScorecard" storage="c:\repos\radial\radialreview\clay_clay-desktop 2016-08-28 18_20_59\out\tractiontools.uitests.dll" id="80143e15-ef85-a681-a5ae-4b022b929f30">
      <Execution id="55eb8d69-f2c2-45f6-9147-053148047b70" />
      <Properties>
        <Property>
          <Key>__Internal_AsyncTypeName__</Key>
          <Value>TractionTools.UITests.Selenium.MeetingArchiveTests+&lt;L10_Archive_TestScorecard&gt;d__1</Value>
        </Property>
      </Properties>
      <TestMethod codeBase="C:/repos/Radial/RadialReview/TractionTools.UITests/bin/Debug/TractionTools.UITests.DLL" adapterTypeName="Microsoft.VisualStudio.TestTools.TestTypes.Unit.UnitTestAdapter, Microsoft.VisualStudio.QualityTools.Tips.UnitTest.Adapter, Version=12.0.0.0, Culture=neutral, PublicKeyToken=b03f5f7f11d50a3a" className="TractionTools.UITests.Selenium.MeetingArchiveTests, TractionTools.UITests, Version=1.0.0.0, Culture=neutral, PublicKeyToken=null" name="L10_Archive_TestScorecard" />
    </UnitTest>
    <UnitTest name="WebDriver_Matches" storage="c:\repos\radial\radialreview\clay_clay-desktop 2016-08-28 18_20_59\out\tractiontools.uitests.dll" id="1c79a897-bb6d-454f-d8c0-0e69e5b7511d">
      <Execution id="f4173557-64a5-4595-9d75-1773e7ade394" />
      <TestMethod codeBase="C:/repos/Radial/RadialReview/TractionTools.UITests/bin/Debug/TractionTools.UITests.DLL" adapterTypeName="Microsoft.VisualStudio.TestTools.TestTypes.Unit.UnitTestAdapter, Microsoft.VisualStudio.QualityTools.Tips.UnitTest.Adapter, Version=12.0.0.0, Culture=neutral, PublicKeyToken=b03f5f7f11d50a3a" className="TractionTools.UITests.Selenium.WebDriverExtensionTests, TractionTools.UITests, Version=1.0.0.0, Culture=neutral, PublicKeyToken=null" name="WebDriver_Matches" />
    </UnitTest>
    <UnitTest name="EditL10Recurrence" storage="c:\repos\radial\radialreview\clay_clay-desktop 2016-08-28 18_20_59\out\tractiontools.tests.dll" id="71ddce21-9d58-e527-69dd-29bac242caeb">
      <Execution id="325cb1be-bc9f-47e3-94ac-e06757e07853" />
      <TestMethod codeBase="C:/repos/Radial/RadialReview/TractionTools.Tests/bin/Debug/TractionTools.Tests.DLL" adapterTypeName="Microsoft.VisualStudio.TestTools.TestTypes.Unit.UnitTestAdapter, Microsoft.VisualStudio.QualityTools.Tips.UnitTest.Adapter, Version=12.0.0.0, Culture=neutral, PublicKeyToken=b03f5f7f11d50a3a" className="TractionTools.Tests.Accessors.L10Accessor_EditRecurrenceTests, TractionTools.Tests, Version=1.0.0.0, Culture=neutral, PublicKeyToken=null" name="EditL10Recurrence" />
    </UnitTest>
  </TestDefinitions>
  <TestLists>
    <TestList name="Results Not in a List" id="8c84fa94-04c1-424b-9868-57a2d4851a1d" />
    <TestList name="All Loaded Results" id="19431567-8539-422a-85d7-44ee4e166bda" />
  </TestLists>
  <TestEntries>
    <TestEntry testId="6df38ac1-4a02-8dcd-ece6-c48c5d362852" executionId="b05d7bdb-dc2e-41c5-85bc-b3e9220e7b1a" testListId="8c84fa94-04c1-424b-9868-57a2d4851a1d">
    </TestEntry>
    <TestEntry testId="39b1331d-e5c0-e744-3685-da7c2b3f2ff4" executionId="c54258ae-9d45-4f76-9e52-b6425068c219" testListId="8c84fa94-04c1-424b-9868-57a2d4851a1d">
    </TestEntry>
    <TestEntry testId="2bb5e71c-e847-8432-8744-fc74232f0e63" executionId="245af761-9de8-4d91-806e-a40762d9811a" testListId="8c84fa94-04c1-424b-9868-57a2d4851a1d">
    </TestEntry>
    <TestEntry testId="e2674754-388f-a839-dd1b-2d05c442669b" executionId="f6a54d12-d9a0-4883-824d-e2f8af2452bc" testListId="8c84fa94-04c1-424b-9868-57a2d4851a1d">
    </TestEntry>
    <TestEntry testId="0013c46b-4178-5f2b-f00a-d517b668a8f2" executionId="964e7025-8f94-498e-ab32-fa10bfa86140" testListId="8c84fa94-04c1-424b-9868-57a2d4851a1d">
    </TestEntry>
    <TestEntry testId="e988f032-123e-d128-dfc0-b694a017216f" executionId="e7b763e5-e928-47e3-a57c-d8bcb2843f52" testListId="8c84fa94-04c1-424b-9868-57a2d4851a1d">
    </TestEntry>
    <TestEntry testId="3202e1b4-fdcc-2702-c088-f8c6a21605e0" executionId="81d8d936-fb8f-418e-82a3-01923fb975d8" testListId="8c84fa94-04c1-424b-9868-57a2d4851a1d">
    </TestEntry>
    <TestEntry testId="1a30f4bd-0e8c-d1dd-3b38-c8694547c900" executionId="1054747e-d215-4769-a0a9-df4af2373393" testListId="8c84fa94-04c1-424b-9868-57a2d4851a1d">
    </TestEntry>
    <TestEntry testId="49267016-ffca-a15a-faec-2a5fbb36afdc" executionId="5673cdfb-beb7-40ee-b166-46becf1a5160" testListId="8c84fa94-04c1-424b-9868-57a2d4851a1d">
    </TestEntry>
    <TestEntry testId="f444373b-0734-9712-0119-2ea0e1d71a9f" executionId="736583e3-c1e6-441a-bfa7-97ac2b8553a1" testListId="8c84fa94-04c1-424b-9868-57a2d4851a1d">
    </TestEntry>
    <TestEntry testId="80143e15-ef85-a681-a5ae-4b022b929f30" executionId="55eb8d69-f2c2-45f6-9147-053148047b70" testListId="8c84fa94-04c1-424b-9868-57a2d4851a1d">
    </TestEntry>
    <TestEntry testId="0755b398-363d-236d-3d86-7f702b02bd2d" executionId="f2c68874-e567-4dd4-9be9-193c8f59afb1" testListId="8c84fa94-04c1-424b-9868-57a2d4851a1d">
    </TestEntry>
    <TestEntry testId="5086f43d-f366-c91b-d209-c57b65f15643" executionId="4ca3872f-0f63-435a-8471-5d73d237018c" testListId="8c84fa94-04c1-424b-9868-57a2d4851a1d">
    </TestEntry>
    <TestEntry testId="bad7247a-cffc-10f9-7543-e70b6c02118d" executionId="b72ce7f7-930a-4ad5-838f-066afb4d245d" testListId="8c84fa94-04c1-424b-9868-57a2d4851a1d">
    </TestEntry>
    <TestEntry testId="9c0005f7-a4d3-79bc-bd98-85f1c9125b43" executionId="86f7088e-046d-4c4f-b0cc-0c88c8e43c60" testListId="8c84fa94-04c1-424b-9868-57a2d4851a1d">
    </TestEntry>
    <TestEntry testId="1c79a897-bb6d-454f-d8c0-0e69e5b7511d" executionId="f4173557-64a5-4595-9d75-1773e7ade394" testListId="8c84fa94-04c1-424b-9868-57a2d4851a1d">
    </TestEntry>
    <TestEntry testId="a27d2e7a-cca7-57fd-d553-707b263917cc" executionId="59945604-f2d3-496b-9375-38d21960afc0" testListId="8c84fa94-04c1-424b-9868-57a2d4851a1d">
    </TestEntry>
    <TestEntry testId="162f28fb-044b-011c-ddf0-9dda60a3aa8e" executionId="b23bd275-e3c2-4f82-8a18-17f57a1687bb" testListId="8c84fa94-04c1-424b-9868-57a2d4851a1d">
    </TestEntry>
    <TestEntry testId="71ddce21-9d58-e527-69dd-29bac242caeb" executionId="325cb1be-bc9f-47e3-94ac-e06757e07853" testListId="8c84fa94-04c1-424b-9868-57a2d4851a1d">
    </TestEntry>
    <TestEntry testId="da720cd2-d7ad-e480-55f5-36731a1892d7" executionId="839cfc36-0b1a-4d38-81e1-b8eb80aa6dd0" testListId="8c84fa94-04c1-424b-9868-57a2d4851a1d">
    </TestEntry>
    <TestEntry testId="06e4c936-1122-7921-4b38-6bbbf4076a20" executionId="81510385-b767-496a-9a7c-998ee3a3863c" testListId="8c84fa94-04c1-424b-9868-57a2d4851a1d">
    </TestEntry>
    <TestEntry testId="13d3e8bd-7020-5ca8-6b73-f409f0b364b2" executionId="bda504f2-b9dd-450a-92e7-4dd8070f68a0" testListId="8c84fa94-04c1-424b-9868-57a2d4851a1d">
    </TestEntry>
    <TestEntry testId="828f5fde-8e1d-0106-b2f0-04ad9a5914da" executionId="0d79d83c-4a5e-43b9-8835-c1e2c9339084" testListId="8c84fa94-04c1-424b-9868-57a2d4851a1d">
    </TestEntry>
  </TestEntries>
  <Results>
    <UnitTestResult executionId="b05d7bdb-dc2e-41c5-85bc-b3e9220e7b1a" testId="6df38ac1-4a02-8dcd-ece6-c48c5d362852" testName="Utils_TestCreateAdmin" computerName="CLAY-DESKTOP" startTime="2016-08-28T18:25:13.1809028-07:00" endTime="2016-08-28T18:25:16.8774026-07:00" testType="13cdc9d9-ddb5-4fa4-a97d-d965ccfc6d4b" outcome="Failed" testListId="8c84fa94-04c1-424b-9868-57a2d4851a1d" relativeResultsDirectory="b05d7bdb-dc2e-41c5-85bc-b3e9220e7b1a">
      <Output>
        <ErrorInfo>
          <Message>Assembly Initialization method TractionTools.UITests.Selenium.BaseSelenium.AssemblyInitialize threw exception. System.IO.IOException: System.IO.IOException: Files in '%temp%\TractionTools\ServerFiles' can be deleted. ---&gt; System.IO.IOException: Files in '%temp%\TractionTools\ServerFiles' can be deleted. ---&gt; System.IO.IOException: Files in '%temp%\TractionTools\ServerFiles' can be deleted. ---&gt; System.IO.IOException: There is not enough space on the disk.
. Aborting test execution.</Message>
          <StackTrace>    at System.IO.__Error.WinIOError(Int32 errorCode, String maybeFullPath)
   at System.IO.File.InternalCopy(String sourceFileName, String destFileName, Boolean overwrite, Boolean checkHost)
   at System.IO.FileInfo.CopyTo(String destFileName, Boolean overwrite)
   at TractionTools.Tests.Utilities.FileUtility.DirectoryCopy(String sourceDirName, String destDirName, Boolean copySubDirs, String[] skipTheseDirectories) in C:\repos\Radial\RadialReview\TractionTools.Tests\Utilities\FileUtility.cs:line 34
 --- End of inner exception stack trace ---
    at TractionTools.Tests.Utilities.FileUtility.DirectoryCopy(String sourceDirName, String destDirName, Boolean copySubDirs, String[] skipTheseDirectories) in C:\repos\Radial\RadialReview\TractionTools.Tests\Utilities\FileUtility.cs:line 47
   at TractionTools.Tests.Utilities.FileUtility.DirectoryCopy(String sourceDirName, String destDirName, Boolean copySubDirs, String[] skipTheseDirectories) in C:\repos\Radial\RadialReview\TractionTools.Tests\Utilities\FileUtility.cs:line 42
 --- End of inner exception stack trace ---
    at TractionTools.Tests.Utilities.FileUtility.DirectoryCopy(String sourceDirName, String destDirName, Boolean copySubDirs, String[] skipTheseDirectories) in C:\repos\Radial\RadialReview\TractionTools.Tests\Utilities\FileUtility.cs:line 47
   at TractionTools.Tests.Utilities.FileUtility.DirectoryCopy(String sourceDirName, String destDirName, Boolean copySubDirs, String[] skipTheseDirectories) in C:\repos\Radial\RadialReview\TractionTools.Tests\Utilities\FileUtility.cs:line 42
 --- End of inner exception stack trace ---
    at TractionTools.Tests.Utilities.FileUtility.DirectoryCopy(String sourceDirName, String destDirName, Boolean copySubDirs, String[] skipTheseDirectories) in C:\repos\Radial\RadialReview\TractionTools.Tests\Utilities\FileUtility.cs:line 47
   at TractionTools.UITests.Selenium.BaseSelenium.GetApplicationPath() in C:\repos\Radial\RadialReview\TractionTools.UITests\Selenium\BaseSelenium.cs:line 492
   at TractionTools.UITests.Selenium.BaseSelenium.StartIIS() in C:\repos\Radial\RadialReview\TractionTools.UITests\Selenium\BaseSelenium.cs:line 426
   at TractionTools.UITests.Selenium.BaseSelenium.AssemblyInitialize(TestContext ctx) in C:\repos\Radial\RadialReview\TractionTools.UITests\Selenium\BaseSelenium.cs:line 155
</StackTrace>
        </ErrorInfo>
      </Output>
    </UnitTestResult>
    <UnitTestResult executionId="c54258ae-9d45-4f76-9e52-b6425068c219" testId="39b1331d-e5c0-e744-3685-da7c2b3f2ff4" testName="RemoveRockAlsoArchives" computerName="CLAY-DESKTOP" duration="00:00:48.1402698" startTime="2016-08-28T18:25:16.8824041-07:00" endTime="2016-08-28T18:26:05.0226739-07:00" testType="13cdc9d9-ddb5-4fa4-a97d-d965ccfc6d4b" outcome="Aborted" testListId="8c84fa94-04c1-424b-9868-57a2d4851a1d" relativeResultsDirectory="c54258ae-9d45-4f76-9e52-b6425068c219">
    </UnitTestResult>
    <UnitTestResult executionId="245af761-9de8-4d91-806e-a40762d9811a" testId="2bb5e71c-e847-8432-8744-fc74232f0e63" testName="UpdateScoreInMeeting_CreateScores" computerName="CLAY-DESKTOP" testType="13cdc9d9-ddb5-4fa4-a97d-d965ccfc6d4b" outcome="NotExecuted" testListId="8c84fa94-04c1-424b-9868-57a2d4851a1d" relativeResultsDirectory="245af761-9de8-4d91-806e-a40762d9811a">
    </UnitTestResult>
    <UnitTestResult executionId="f6a54d12-d9a0-4883-824d-e2f8af2452bc" testId="e2674754-388f-a839-dd1b-2d05c442669b" testName="L10_Wizard_Basics" computerName="CLAY-DESKTOP" testType="13cdc9d9-ddb5-4fa4-a97d-d965ccfc6d4b" outcome="NotExecuted" testListId="8c84fa94-04c1-424b-9868-57a2d4851a1d" relativeResultsDirectory="f6a54d12-d9a0-4883-824d-e2f8af2452bc">
    </UnitTestResult>
    <UnitTestResult executionId="964e7025-8f94-498e-ab32-fa10bfa86140" testId="0013c46b-4178-5f2b-f00a-d517b668a8f2" testName="TestScorecardCreation" computerName="CLAY-DESKTOP" testType="13cdc9d9-ddb5-4fa4-a97d-d965ccfc6d4b" outcome="NotExecuted" testListId="8c84fa94-04c1-424b-9868-57a2d4851a1d" relativeResultsDirectory="964e7025-8f94-498e-ab32-fa10bfa86140">
    </UnitTestResult>
    <UnitTestResult executionId="e7b763e5-e928-47e3-a57c-d8bcb2843f52" testId="e988f032-123e-d128-dfc0-b694a017216f" testName="L10_Meeting_Segue" computerName="CLAY-DESKTOP" testType="13cdc9d9-ddb5-4fa4-a97d-d965ccfc6d4b" outcome="NotExecuted" testListId="8c84fa94-04c1-424b-9868-57a2d4851a1d" relativeResultsDirectory="e7b763e5-e928-47e3-a57c-d8bcb2843f52">
    </UnitTestResult>
    <UnitTestResult executionId="81d8d936-fb8f-418e-82a3-01923fb975d8" testId="3202e1b4-fdcc-2702-c088-f8c6a21605e0" testName="WebDriver_Parent" computerName="CLAY-DESKTOP" testType="13cdc9d9-ddb5-4fa4-a97d-d965ccfc6d4b" outcome="NotExecuted" testListId="8c84fa94-04c1-424b-9868-57a2d4851a1d" relativeResultsDirectory="81d8d936-fb8f-418e-82a3-01923fb975d8">
    </UnitTestResult>
    <UnitTestResult executionId="1054747e-d215-4769-a0a9-df4af2373393" testId="1a30f4bd-0e8c-d1dd-3b38-c8694547c900" testName="L10_Wizard_Attendees" computerName="CLAY-DESKTOP" testType="13cdc9d9-ddb5-4fa4-a97d-d965ccfc6d4b" outcome="NotExecuted" testListId="8c84fa94-04c1-424b-9868-57a2d4851a1d" relativeResultsDirectory="1054747e-d215-4769-a0a9-df4af2373393">
    </UnitTestResult>
    <UnitTestResult executionId="5673cdfb-beb7-40ee-b166-46becf1a5160" testId="49267016-ffca-a15a-faec-2a5fbb36afdc" testName="EditRocks" computerName="CLAY-DESKTOP" testType="13cdc9d9-ddb5-4fa4-a97d-d965ccfc6d4b" outcome="NotExecuted" testListId="8c84fa94-04c1-424b-9868-57a2d4851a1d" relativeResultsDirectory="5673cdfb-beb7-40ee-b166-46becf1a5160">
    </UnitTestResult>
    <UnitTestResult executionId="736583e3-c1e6-441a-bfa7-97ac2b8553a1" testId="f444373b-0734-9712-0119-2ea0e1d71a9f" testName="ChargeOrgs" computerName="CLAY-DESKTOP" testType="13cdc9d9-ddb5-4fa4-a97d-d965ccfc6d4b" outcome="NotExecuted" testListId="8c84fa94-04c1-424b-9868-57a2d4851a1d" relativeResultsDirectory="736583e3-c1e6-441a-bfa7-97ac2b8553a1">
    </UnitTestResult>
    <UnitTestResult executionId="55eb8d69-f2c2-45f6-9147-053148047b70" testId="80143e15-ef85-a681-a5ae-4b022b929f30" testName="L10_Archive_TestScorecard" computerName="CLAY-DESKTOP" testType="13cdc9d9-ddb5-4fa4-a97d-d965ccfc6d4b" outcome="NotExecuted" testListId="8c84fa94-04c1-424b-9868-57a2d4851a1d" relativeResultsDirectory="55eb8d69-f2c2-45f6-9147-053148047b70">
    </UnitTestResult>
    <UnitTestResult executionId="f2c68874-e567-4dd4-9be9-193c8f59afb1" testId="0755b398-363d-236d-3d86-7f702b02bd2d" testName="VTO" computerName="CLAY-DESKTOP" testType="13cdc9d9-ddb5-4fa4-a97d-d965ccfc6d4b" outcome="NotExecuted" testListId="8c84fa94-04c1-424b-9868-57a2d4851a1d" relativeResultsDirectory="f2c68874-e567-4dd4-9be9-193c8f59afb1">
    </UnitTestResult>
    <UnitTestResult executionId="4ca3872f-0f63-435a-8471-5d73d237018c" testId="5086f43d-f366-c91b-d209-c57b65f15643" testName="L10_Wizard_Todo" computerName="CLAY-DESKTOP" testType="13cdc9d9-ddb5-4fa4-a97d-d965ccfc6d4b" outcome="NotExecuted" testListId="8c84fa94-04c1-424b-9868-57a2d4851a1d" relativeResultsDirectory="4ca3872f-0f63-435a-8471-5d73d237018c">
    </UnitTestResult>
    <UnitTestResult executionId="b72ce7f7-930a-4ad5-838f-066afb4d245d" testId="bad7247a-cffc-10f9-7543-e70b6c02118d" testName="L10_Wizard_Rocks" computerName="CLAY-DESKTOP" testType="13cdc9d9-ddb5-4fa4-a97d-d965ccfc6d4b" outcome="NotExecuted" testListId="8c84fa94-04c1-424b-9868-57a2d4851a1d" relativeResultsDirectory="b72ce7f7-930a-4ad5-838f-066afb4d245d">
    </UnitTestResult>
    <UnitTestResult executionId="86f7088e-046d-4c4f-b0cc-0c88c8e43c60" testId="9c0005f7-a4d3-79bc-bd98-85f1c9125b43" testName="CreateL10Recurrence" computerName="CLAY-DESKTOP" testType="13cdc9d9-ddb5-4fa4-a97d-d965ccfc6d4b" outcome="NotExecuted" testListId="8c84fa94-04c1-424b-9868-57a2d4851a1d" relativeResultsDirectory="86f7088e-046d-4c4f-b0cc-0c88c8e43c60">
    </UnitTestResult>
    <UnitTestResult executionId="f4173557-64a5-4595-9d75-1773e7ade394" testId="1c79a897-bb6d-454f-d8c0-0e69e5b7511d" testName="WebDriver_Matches" computerName="CLAY-DESKTOP" testType="13cdc9d9-ddb5-4fa4-a97d-d965ccfc6d4b" outcome="NotExecuted" testListId="8c84fa94-04c1-424b-9868-57a2d4851a1d" relativeResultsDirectory="f4173557-64a5-4595-9d75-1773e7ade394">
    </UnitTestResult>
    <UnitTestResult executionId="59945604-f2d3-496b-9375-38d21960afc0" testId="a27d2e7a-cca7-57fd-d553-707b263917cc" testName="WebDriver_Closest" computerName="CLAY-DESKTOP" testType="13cdc9d9-ddb5-4fa4-a97d-d965ccfc6d4b" outcome="NotExecuted" testListId="8c84fa94-04c1-424b-9868-57a2d4851a1d" relativeResultsDirectory="59945604-f2d3-496b-9375-38d21960afc0">
    </UnitTestResult>
    <UnitTestResult executionId="b23bd275-e3c2-4f82-8a18-17f57a1687bb" testId="162f28fb-044b-011c-ddf0-9dda60a3aa8e" testName="EditMeasurables" computerName="CLAY-DESKTOP" testType="13cdc9d9-ddb5-4fa4-a97d-d965ccfc6d4b" outcome="NotExecuted" testListId="8c84fa94-04c1-424b-9868-57a2d4851a1d" relativeResultsDirectory="b23bd275-e3c2-4f82-8a18-17f57a1687bb">
    </UnitTestResult>
    <UnitTestResult executionId="325cb1be-bc9f-47e3-94ac-e06757e07853" testId="71ddce21-9d58-e527-69dd-29bac242caeb" testName="EditL10Recurrence" computerName="CLAY-DESKTOP" testType="13cdc9d9-ddb5-4fa4-a97d-d965ccfc6d4b" outcome="NotExecuted" testListId="8c84fa94-04c1-424b-9868-57a2d4851a1d" relativeResultsDirectory="325cb1be-bc9f-47e3-94ac-e06757e07853">
    </UnitTestResult>
    <UnitTestResult executionId="839cfc36-0b1a-4d38-81e1-b8eb80aa6dd0" testId="da720cd2-d7ad-e480-55f5-36731a1892d7" testName="L10_Wizard_Issues" computerName="CLAY-DESKTOP" testType="13cdc9d9-ddb5-4fa4-a97d-d965ccfc6d4b" outcome="NotExecuted" testListId="8c84fa94-04c1-424b-9868-57a2d4851a1d" relativeResultsDirectory="839cfc36-0b1a-4d38-81e1-b8eb80aa6dd0">
    </UnitTestResult>
    <UnitTestResult executionId="81510385-b767-496a-9a7c-998ee3a3863c" testId="06e4c936-1122-7921-4b38-6bbbf4076a20" testName="L10_Meeting_Scorecard" computerName="CLAY-DESKTOP" testType="13cdc9d9-ddb5-4fa4-a97d-d965ccfc6d4b" outcome="NotExecuted" testListId="8c84fa94-04c1-424b-9868-57a2d4851a1d" relativeResultsDirectory="81510385-b767-496a-9a7c-998ee3a3863c">
    </UnitTestResult>
    <UnitTestResult executionId="bda504f2-b9dd-450a-92e7-4dd8070f68a0" testId="13d3e8bd-7020-5ca8-6b73-f409f0b364b2" testName="QuarterlyPrintout" computerName="CLAY-DESKTOP" testType="13cdc9d9-ddb5-4fa4-a97d-d965ccfc6d4b" outcome="NotExecuted" testListId="8c84fa94-04c1-424b-9868-57a2d4851a1d" relativeResultsDirectory="bda504f2-b9dd-450a-92e7-4dd8070f68a0">
    </UnitTestResult>
    <UnitTestResult executionId="0d79d83c-4a5e-43b9-8835-c1e2c9339084" testId="828f5fde-8e1d-0106-b2f0-04ad9a5914da" testName="L10_Wizard_Scorecard" computerName="CLAY-DESKTOP" testType="13cdc9d9-ddb5-4fa4-a97d-d965ccfc6d4b" outcome="NotExecuted" testListId="8c84fa94-04c1-424b-9868-57a2d4851a1d" relativeResultsDirectory="0d79d83c-4a5e-43b9-8835-c1e2c9339084">
    </UnitTestResult>
  </Results>
</TestRun>